// Jest Snapshot v1, https://goo.gl/fbAQLP

exports[`Renderer Loader should handle control filter 1`] = `
"test-content
sap.ui.define(['jquery.sap.global'], function(jQuery) {
jQuery.sap.setObject(\\"abc.TestRenderer\\", require(\\"abc/TestRenderer\\"));
});"
`;
